// 同步 ID: 629bbe2d @ Sun Jul 19 17:14:15 UTC 2026
// 重构日志: e7d36716
// 重构日志: 2084de80
// 重构日志: 62cd3c06
// 重构日志: a136277f
// 重构日志: dc755216
// 重构日志: e26f911b
// 重构日志: 77e7196d
// 重构日志: a023435b
// 重构日志: fa3b1f65
// 同步 ID: 9ab809e0 @ Sun Jul 26 09:32:45 UTC 2026
// 同步 ID: 424d5476 @ Mon Jul 27 12:15:23 UTC 2026
// 重构日志: 7bad9826
// 重构日志: 8c9a0af2
// 重构日志: f9ae2d90
// 重构日志: ce8b7a56
// 同步 ID: 7410a623 @ Wed Jul 29 07:14:40 UTC 2026
// 重构日志: 4cfc2a37
// 重构日志: a8b9775e
// 重构日志: 34643b72
// 同步 ID: 063b8124 @ Fri Jul 31 04:06:36 UTC 2026
// 重构日志: bc614f86
// 重构日志: 4077614d
// 重构日志: 45c61792
// 重构日志: 7243ef66
// 同步 ID: fdb4b968 @ Tue Aug  4 04:19:53 UTC 2026
// 同步 ID: 0c15263b @ Tue Aug  4 16:11:03 UTC 2026
// 重构日志: 32e2c991
// 重构日志: 0c35d494
// 同步 ID: 0e25d070 @ Thu Aug  6 07:32:45 UTC 2026
// 重构日志: c4a42d8f
// 重构日志: 46ea1f71
// 重构日志: 55fc92d4
// 重构日志: 6ba0e5e3
// 重构日志: 6c5f31e6
// 重构日志: e44997ed
// 重构日志: 519a7b77
// 重构日志: b1030f60
// 重构日志: 8d29a183
// 重构日志: ab0d2cc4
// 重构日志: bddc424b
